==> A. guardd absent
==> B. conservative mode
==> C. strict-filesystem mode
Performance results:
state | workload | iterations | wall_ms | opens/sec | p50/p95/p99/max_us | overhead
absent | unprotected | 100000 | 102.001 | 980380 | 0.8/1.0/1.5/23.0 | 1.00x
absent | browser | 10000 | 10.332 | 967910 | 0.8/0.9/0.9/9.0 | 1.00x
absent | denied | 2000 | 4.322 | 462744 | 1.8/1.9/2.0/7.7 | 1.00x
conservative | unprotected | 100000 | 104.222 | 959492 | 0.8/1.2/1.5/11.9 | 1.02x
conservative | browser | 10000 | 366.702 | 27270 | 32.6/68.2/85.4/505.6 | 35.49x
conservative | denied | 2000 | 75.561 | 26468 | 32.1/69.9/90.4/438.3 | 17.48x
strict | unprotected | 100000 | 1559.299 | 64131 | 14.4/20.9/41.0/876.3 | 15.29x
strict | browser | 10000 | 366.519 | 27283 | 34.7/41.9/77.2/418.2 | 35.48x
strict | denied | 2000 | 71.815 | 27849 | 34.3/40.3/50.9/360.8 | 16.62x
cargo check wall seconds:
  absent: not measured (SKIP_BUILD)
  conservative: not measured (SKIP_BUILD)
  strict: not measured (SKIP_BUILD)
Strict queue health:
  strict_events_total: 112088
  strict_fast_allowed: 100088
  protected_events: 12000
  fanotify_overflows: 0
  audit_dropped: 0
  classifier_failures: 0
  strict_alias_scans: 7
  strict_alias_matches: 0
PASS: performance benchmark completed with no fanotify overflow or classifier failure
