isolated loop-backed ext4: /dev/loop0 at /tmp/guard-perf-mnt-XCCfF6 (never touches the root fs)
==> A. guardd absent
==> B. conservative mode
==> C. strict-filesystem mode
Performance results:
state | workload | iterations | wall_ms | opens/sec | p50/p95/p99/max_us | overhead
absent | unprotected | 100000 | 95.857 | 1043225 | 0.7/0.8/1.3/55.0 | 1.00x
absent | browser | 10000 | 9.284 | 1077087 | 0.7/0.8/0.8/5.4 | 1.00x
absent | denied | 2000 | 1.941 | 1030341 | 0.7/0.8/1.1/7.3 | 1.00x
conservative | unprotected | 100000 | 95.719 | 1044726 | 0.7/0.8/1.6/17.3 | 1.00x
conservative | browser | 10000 | 398.219 | 25111 | 37.1/49.2/91.6/1173.3 | 42.89x
conservative | denied | 2000 | 78.447 | 25494 | 35.7/49.8/91.8/848.3 | 40.41x
strict | unprotected | 100000 | 2208.243 | 45284 | 19.4/28.0/59.4/1203.1 | 23.04x
strict | browser | 10000 | 458.860 | 21793 | 40.7/62.3/118.8/1346.5 | 49.42x
strict | denied | 2000 | 96.723 | 20677 | 40.4/75.4/120.2/1723.2 | 49.83x
cargo check wall seconds:
  absent: not measured (SKIP_BUILD)
  conservative: not measured (SKIP_BUILD)
  strict: not measured (SKIP_BUILD)
Strict queue health:
  strict_events_total: 112006
  strict_fast_allowed: 100006
  protected_events: 12000
  fanotify_overflows: 0
  audit_dropped: 0
  classifier_failures: 0
  strict_alias_scans: 0
  strict_alias_matches: 0
PASS: performance benchmark completed with no fanotify overflow or classifier failure
