==> First start: store a new group + fdstore upload
    active; MainPID=67834
==> Probe 1: unknown process opens protected file (blocked while alive)
PASS: probe denied while listener alive
==> SIGKILL the helper
==> Probe 2: is the opener STILL blocked right after SIGKILL?
PASS: probe still blocked 0.5s after SIGKILL (fdstore holds the group)
==> systemd restarts the unit; helper claims the stored group
    restarted; MainPID=67868
==> Probe 2 outcome: did the opener unblock with a DENY?
FAIL: probe exited but no rc recorded; outcome cannot be attributed
==> Probe 3: fresh open is denied by the restarted (claimed) group
PASS: probe denied by restarted group (marks survived)

==> Experiment B: read-then-crash-before-response
==> B: wait for the marker proving the daemon READ the exact event
PASS: B: daemon read the exact permission event (marker pid=67897)
==> B: systemd restarts the unit; helper claims the stored group
    B: restarted; MainPID=67937
==> B: record the opener's EXACT outcome (never inferred from a missing rc)
PASS: B: opener STILL BLOCKED after restart (pending permission not recoverable via public UAPI)
PASS: B: synthetic canary never read
/home/plfjy/sensitive-file-guard/scripts/linux/experiment-fdstore-root.sh: line 244: 67895 Killed                     ( "$PROBE" read "$PROTECTED" > "$WORK/probeB.out" 2>&1; echo $? > "$WORK/probeB.rc" )

==> LFH4 fdstore experiment summary: PASS=6 FAIL=1 BLOCKED=0

VERDICT: REJECTED (fail-open or no recovery observed)
