==> First start: store a new group + fdstore upload
    active; MainPID=77232
==> Probe 1: unknown process opens protected file (blocked while alive)
PASS: probe denied while listener alive
==> SIGKILL the helper
==> Probe 2: is the opener STILL blocked right after SIGKILL?
PASS: probe still blocked 0.5s after SIGKILL (fdstore holds the group)
==> systemd restarts the unit; helper claims the stored group
    restarted; MainPID=77267
==> Probe 2 outcome: did the opener unblock with a DENY?
FAIL: probe2 outcome unattributed (no rc, no canary; out=guard-test-probe: open/read /tmp/guard-fdstore-Cuonnz/protected failed: Operation not permitted (os error 1) (errno Some)
==> Probe 3: fresh open is denied by the restarted (claimed) group
PASS: probe denied by restarted group (marks survived)

==> Experiment B: read-then-crash-before-response
==> B: wait for the marker proving the daemon READ the exact event
PASS: B: daemon read the exact permission event (marker pid=77319)
==> B: systemd restarts the unit; helper claims the stored group
    B: restarted; MainPID=77362
==> B: record the opener's EXACT outcome (never inferred from a missing rc)
PASS: B: opener STILL BLOCKED after restart (pending permission not recoverable via public UAPI)
PASS: B: synthetic canary never read
/home/plfjy/sensitive-file-guard/scripts/linux/experiment-fdstore-root.sh: line 244: 77318 Killed                     ( "$PROBE" read "$PROTECTED" > "$WORK/probeB.out" 2>&1; echo $? > "$WORK/probeB.rc" )

==> LFH4 fdstore experiment summary: PASS=6 FAIL=1 BLOCKED=0

VERDICT: REJECTED (fail-open or no recovery observed)
KEPT diagnostics at: /tmp/guard-fdstore-Cuonnz (rc=none)
