==> A. guardd absent
==> B. conservative mode
==> C. strict-filesystem mode
Performance results:
state | workload | iterations | wall_ms | opens/sec | p50/p95/p99/max_us | overhead
absent | unprotected | 100000 | 111.728 | 895032 | 0.8/1.4/2.3/74.8 | 1.00x
absent | browser | 10000 | 10.772 | 928356 | 0.8/0.9/1.8/70.8 | 1.00x
absent | denied | 2000 | 2.143 | 933085 | 0.8/0.9/0.9/32.6 | 1.00x
conservative | unprotected | 100000 | 106.005 | 943353 | 0.8/1.2/2.3/61.6 | 0.95x
conservative | browser | 10000 | 316.530 | 31592 | 29.6/39.8/48.0/474.3 | 29.39x
conservative | denied | 2000 | 65.502 | 30533 | 31.5/35.1/40.9/389.4 | 30.56x
strict | unprotected | 100000 | 1427.026 | 70075 | 12.6/17.4/38.9/211.4 | 12.77x
strict | browser | 10000 | 366.504 | 27284 | 33.4/65.6/81.5/494.3 | 34.02x
strict | denied | 2000 | 66.341 | 30147 | 31.7/36.7/42.4/373.5 | 30.95x
cargo check wall seconds:
  absent: not measured (SKIP_BUILD)
  conservative: not measured (SKIP_BUILD)
  strict: not measured (SKIP_BUILD)
Strict queue health:
  strict_events_total: 112114
  strict_fast_allowed: 100114
  protected_events: 12000
  fanotify_overflows: 0
  audit_dropped: 0
  classifier_failures: 0
  strict_alias_scans: 9
  strict_alias_matches: 0
PASS: performance benchmark completed with no fanotify overflow or classifier failure
