isolated loop-backed ext4: /dev/loop0 at /tmp/guard-perf-mnt-9dYcdf (never touches the root fs)
==> A. guardd absent
==> B. conservative mode
==> C. strict-filesystem mode
Performance results:
state | workload | iterations | wall_ms | opens/sec | p50/p95/p99/max_us | overhead
absent | unprotected | 100000 | 104.448 | 957414 | 0.8/1.0/1.7/34.2 | 1.00x
absent | browser | 10000 | 9.470 | 1056008 | 0.7/0.8/1.3/34.9 | 1.00x
absent | denied | 2000 | 1.899 | 1052956 | 0.7/0.8/0.8/7.1 | 1.00x
conservative | unprotected | 100000 | 98.388 | 1016388 | 0.7/1.0/1.3/24.6 | 0.94x
conservative | browser | 10000 | 421.325 | 23734 | 37.1/58.5/108.9/1075.0 | 44.49x
conservative | denied | 2000 | 84.754 | 23597 | 37.1/62.0/103.3/639.3 | 44.62x
strict | unprotected | 100000 | 2357.733 | 42413 | 20.7/31.5/64.2/1548.7 | 22.57x
strict | browser | 10000 | 486.886 | 20538 | 41.5/73.9/136.5/1316.3 | 51.42x
strict | denied | 2000 | 97.726 | 20465 | 41.1/77.7/155.9/1162.2 | 51.45x
cargo check wall seconds:
  absent: not measured (SKIP_BUILD)
  conservative: not measured (SKIP_BUILD)
  strict: not measured (SKIP_BUILD)
Strict queue health:
  strict_events_total: 112006
  strict_fast_allowed: 100006
  protected_events: 12000
  fanotify_overflows: 0
  audit_dropped: 0
  classifier_failures: 0
  strict_alias_scans: 0
  strict_alias_matches: 0
Performance gate (vs LFH0 locked strict-unprotected baseline):
  current p95      : 31.5 us
  baseline p95     : 35.3 us
Traceback (most recent call last):
  File "<stdin>", line 49, in <module>
NameError: name 'PERF_P95_FACTOR' is not defined
